
==========================================================================
cts final report_tns
--------------------------------------------------------------------------
tns max 0.00

==========================================================================
cts final report_wns
--------------------------------------------------------------------------
wns max 0.00

==========================================================================
cts final report_worst_slack
--------------------------------------------------------------------------
worst slack max 39.06

==========================================================================
cts final report_clock_min_period
--------------------------------------------------------------------------
core_clk period_min = 10.94 fmax = 91.40

==========================================================================
cts final report_clock_skew
--------------------------------------------------------------------------
Clock core_clk
   0.67 source latency u_mxu.cmd_q[19]$_DFFE_PN0P_/CLK ^
  -0.62 target latency u_mxu.u_arr_i8.c_out[15]$_DFFE_PN0P_/CLK ^
   0.00 CRPR
--------------
   0.05 setup skew


==========================================================================
cts final report_checks -path_delay min
--------------------------------------------------------------------------
Startpoint: u_mxu.u_arr_i8.state_q[3]$_DFF_PN0_
            (rising edge-triggered flip-flop clocked by core_clk)
Endpoint: u_mxu.u_arr_i8.state_q[2]$_DFF_PN0_
          (rising edge-triggered flip-flop clocked by core_clk)
Path Group: core_clk
Path Type: min

Fanout     Cap    Slew   Delay    Time   Description
-----------------------------------------------------------------------------
                          0.00    0.00   clock core_clk (rise edge)
                          0.00    0.00   clock source latency
     1    0.09    0.00    0.00    0.00 ^ clk (in)
                                         clk (net)
                  0.00    0.00    0.00 ^ clkbuf_0_clk/A (sky130_fd_sc_hd__clkbuf_16)
     4    0.11    0.12    0.18    0.18 ^ clkbuf_0_clk/X (sky130_fd_sc_hd__clkbuf_16)
                                         clknet_0_clk (net)
                  0.12    0.00    0.18 ^ clkbuf_2_1__f_clk/A (sky130_fd_sc_hd__clkbuf_16)
     9    0.16    0.17    0.26    0.44 ^ clkbuf_2_1__f_clk/X (sky130_fd_sc_hd__clkbuf_16)
                                         clknet_2_1__leaf_clk (net)
                  0.17    0.00    0.45 ^ clkbuf_leaf_15_clk/A (sky130_fd_sc_hd__clkbuf_16)
    11    0.04    0.06    0.19    0.63 ^ clkbuf_leaf_15_clk/X (sky130_fd_sc_hd__clkbuf_16)
                                         clknet_leaf_15_clk (net)
                  0.06    0.00    0.63 ^ u_mxu.u_arr_i8.state_q[3]$_DFF_PN0_/CLK (sky130_fd_sc_hd__dfrtp_1)
     1    0.00    0.05    0.32    0.95 ^ u_mxu.u_arr_i8.state_q[3]$_DFF_PN0_/Q (sky130_fd_sc_hd__dfrtp_1)
                                         u_mxu.u_arr_i8.state_q[3] (net)
                  0.05    0.00    0.95 ^ u_mxu.u_arr_i8.state_q[2]$_DFF_PN0_/D (sky130_fd_sc_hd__dfrtp_1)
                                  0.95   data arrival time

                          0.00    0.00   clock core_clk (rise edge)
                          0.00    0.00   clock source latency
     1    0.09    0.00    0.00    0.00 ^ clk (in)
                                         clk (net)
                  0.00    0.00    0.00 ^ clkbuf_0_clk/A (sky130_fd_sc_hd__clkbuf_16)
     4    0.11    0.12    0.18    0.18 ^ clkbuf_0_clk/X (sky130_fd_sc_hd__clkbuf_16)
                                         clknet_0_clk (net)
                  0.12    0.00    0.18 ^ clkbuf_2_2__f_clk/A (sky130_fd_sc_hd__clkbuf_16)
    10    0.16    0.17    0.25    0.44 ^ clkbuf_2_2__f_clk/X (sky130_fd_sc_hd__clkbuf_16)
                                         clknet_2_2__leaf_clk (net)
                  0.17    0.00    0.44 ^ clkbuf_leaf_14_clk/A (sky130_fd_sc_hd__clkbuf_16)
    12    0.04    0.06    0.19    0.63 ^ clkbuf_leaf_14_clk/X (sky130_fd_sc_hd__clkbuf_16)
                                         clknet_leaf_14_clk (net)
                  0.06    0.00    0.63 ^ u_mxu.u_arr_i8.state_q[2]$_DFF_PN0_/CLK (sky130_fd_sc_hd__dfrtp_1)
                          0.00    0.63   clock reconvergence pessimism
                         -0.03    0.59   library hold time
                                  0.59   data required time
-----------------------------------------------------------------------------
                                  0.59   data required time
                                 -0.95   data arrival time
-----------------------------------------------------------------------------
                                  0.36   slack (MET)



==========================================================================
cts final report_checks -path_delay max
--------------------------------------------------------------------------
Startpoint: m[6] (input port clocked by core_clk)
Endpoint: u_mxu.cmd_q[64]$_DFFE_PN0P_
          (rising edge-triggered flip-flop clocked by core_clk)
Path Group: core_clk
Path Type: max

Fanout     Cap    Slew   Delay    Time   Description
-----------------------------------------------------------------------------
                          0.00    0.00   clock core_clk (rise edge)
                          0.00    0.00   clock network delay (propagated)
                          1.00    1.00 ^ input external delay
     1    0.01    0.00    0.00    1.00 ^ m[6] (in)
                                         m[6] (net)
                  0.00    0.00    1.00 ^ input52/A (sky130_fd_sc_hd__clkdlybuf4s50_1)
     1    0.00    0.06    0.46    1.46 ^ input52/X (sky130_fd_sc_hd__clkdlybuf4s50_1)
                                         net51 (net)
                  0.06    0.00    1.46 ^ place433/A (sky130_fd_sc_hd__buf_4)
    33    0.18    0.50    0.43    1.89 ^ place433/X (sky130_fd_sc_hd__buf_4)
                                         net427 (net)
                  0.50    0.02    1.91 ^ _09918_/B (sky130_fd_sc_hd__and2_1)
     1    0.01    0.08    0.22    2.13 ^ _09918_/X (sky130_fd_sc_hd__and2_1)
                                         _01213_ (net)
                  0.08    0.00    2.13 ^ _12832_/B (sky130_fd_sc_hd__fa_1)
     1    0.01    0.09    0.44    2.58 v _12832_/SUM (sky130_fd_sc_hd__fa_1)
                                         _06594_ (net)
                  0.09    0.00    2.58 v _12444_/B (sky130_fd_sc_hd__fa_1)
     1    0.01    0.09    0.54    3.12 ^ _12444_/SUM (sky130_fd_sc_hd__fa_1)
                                         _06597_ (net)
                  0.09    0.00    3.12 ^ _12527_/CIN (sky130_fd_sc_hd__fa_1)
     1    0.01    0.09    0.43    3.55 v _12527_/SUM (sky130_fd_sc_hd__fa_1)
                                         _05503_ (net)
                  0.09    0.00    3.55 v _12029_/CIN (sky130_fd_sc_hd__fa_1)
     1    0.01    0.10    0.48    4.03 v _12029_/SUM (sky130_fd_sc_hd__fa_1)
                                         _05505_ (net)
                  0.10    0.00    4.03 v _12704_/B (sky130_fd_sc_hd__fa_1)
     1    0.01    0.09    0.55    4.58 ^ _12704_/SUM (sky130_fd_sc_hd__fa_1)
                                         _07039_ (net)
                  0.09    0.00    4.58 ^ _12745_/B (sky130_fd_sc_hd__fa_1)
     1    0.01    0.09    0.43    5.02 v _12745_/SUM (sky130_fd_sc_hd__fa_1)
                                         _07091_ (net)
                  0.09    0.00    5.02 v _13458_/B (sky130_fd_sc_hd__ha_1)
     6    0.02    0.19    0.40    5.42 ^ _13458_/SUM (sky130_fd_sc_hd__ha_1)
                                         _01886_ (net)
                  0.19    0.00    5.42 ^ _09151_/C (sky130_fd_sc_hd__nand3_1)
     5    0.02    0.20    0.22    5.64 v _09151_/Y (sky130_fd_sc_hd__nand3_1)
                                         _03110_ (net)
                  0.20    0.00    5.64 v _09152_/D (sky130_fd_sc_hd__nor4_2)
     5    0.01    0.41    0.36    6.00 ^ _09152_/Y (sky130_fd_sc_hd__nor4_2)
                                         _03111_ (net)
                  0.41    0.00    6.00 ^ _09156_/A (sky130_fd_sc_hd__or2_1)
     3    0.01    0.10    0.21    6.20 ^ _09156_/X (sky130_fd_sc_hd__or2_1)
                                         _03115_ (net)
                  0.10    0.00    6.20 ^ _09161_/A (sky130_fd_sc_hd__nor2_1)
     2    0.01    0.13    0.08    6.28 v _09161_/Y (sky130_fd_sc_hd__nor2_1)
                                         _03120_ (net)
                  0.13    0.00    6.28 v _09162_/B (sky130_fd_sc_hd__xnor2_1)
     1    0.01    0.28    0.29    6.57 ^ _09162_/Y (sky130_fd_sc_hd__xnor2_1)
                                         _01381_ (net)
                  0.28    0.00    6.57 ^ _13053_/B (sky130_fd_sc_hd__ha_1)
     7    0.02    0.13    0.36    6.93 v _13053_/SUM (sky130_fd_sc_hd__ha_1)
                                         _01383_ (net)
                  0.13    0.00    6.93 v _10905_/A1 (sky130_fd_sc_hd__a22o_1)
     1    0.01    0.06    0.25    7.18 v _10905_/X (sky130_fd_sc_hd__a22o_1)
                                         _04013_ (net)
                  0.06    0.00    7.18 v _10911_/B1 (sky130_fd_sc_hd__a2111oi_2)
     2    0.01    0.36    0.41    7.59 ^ _10911_/Y (sky130_fd_sc_hd__a2111oi_2)
                                         _04019_ (net)
                  0.36    0.00    7.59 ^ _11360_/B (sky130_fd_sc_hd__nand3_1)
     1    0.00    0.09    0.13    7.72 v _11360_/Y (sky130_fd_sc_hd__nand3_1)
                                         _04437_ (net)
                  0.09    0.00    7.72 v _11362_/B (sky130_fd_sc_hd__nor3_1)
     1    0.00    0.15    0.18    7.90 ^ _11362_/Y (sky130_fd_sc_hd__nor3_1)
                                         _04439_ (net)
                  0.15    0.00    7.90 ^ _11363_/D (sky130_fd_sc_hd__nand4_1)
     1    0.00    0.12    0.10    8.01 v _11363_/Y (sky130_fd_sc_hd__nand4_1)
                                         _04440_ (net)
                  0.12    0.00    8.01 v _11364_/D (sky130_fd_sc_hd__or4_1)
     1    0.00    0.07    0.40    8.40 v _11364_/X (sky130_fd_sc_hd__or4_1)
                                         _04441_ (net)
                  0.07    0.00    8.40 v _11365_/D (sky130_fd_sc_hd__or4_1)
     1    0.01    0.13    0.46    8.87 v _11365_/X (sky130_fd_sc_hd__or4_1)
                                         _04442_ (net)
                  0.13    0.00    8.87 v _11366_/C (sky130_fd_sc_hd__or4b_4)
     1    0.01    0.10    0.54    9.40 v _11366_/X (sky130_fd_sc_hd__or4b_4)
                                         _04443_ (net)
                  0.10    0.00    9.40 v _11367_/C (sky130_fd_sc_hd__nor4b_4)
     6    0.03    0.53    0.49    9.90 ^ _11367_/Y (sky130_fd_sc_hd__nor4b_4)
                                         _04444_ (net)
                  0.53    0.00    9.90 ^ _11368_/C (sky130_fd_sc_hd__nand3_4)
    46    0.19    0.61    0.55   10.46 v _11368_/Y (sky130_fd_sc_hd__nand3_4)
                                         _04445_ (net)
                  0.61    0.00   10.46 v place317/A (sky130_fd_sc_hd__buf_4)
    48    0.27    0.32    0.58   11.04 v place317/X (sky130_fd_sc_hd__buf_4)
                                         net311 (net)
                  0.32    0.04   11.07 v _11421_/S (sky130_fd_sc_hd__mux2_4)
     1    0.00    0.05    0.39   11.46 v _11421_/X (sky130_fd_sc_hd__mux2_4)
                                         _02033_ (net)
                  0.05    0.00   11.46 v u_mxu.cmd_q[64]$_DFFE_PN0P_/D (sky130_fd_sc_hd__dfrtp_1)
                                 11.46   data arrival time

                         50.00   50.00   clock core_clk (rise edge)
                          0.00   50.00   clock source latency
     1    0.09    0.00    0.00   50.00 ^ clk (in)
                                         clk (net)
                  0.00    0.00   50.00 ^ clkbuf_0_clk/A (sky130_fd_sc_hd__clkbuf_16)
     4    0.11    0.12    0.18   50.18 ^ clkbuf_0_clk/X (sky130_fd_sc_hd__clkbuf_16)
                                         clknet_0_clk (net)
                  0.12    0.00   50.18 ^ clkbuf_2_0__f_clk/A (sky130_fd_sc_hd__clkbuf_16)
     8    0.17    0.18    0.26   50.44 ^ clkbuf_2_0__f_clk/X (sky130_fd_sc_hd__clkbuf_16)
                                         clknet_2_0__leaf_clk (net)
                  0.18    0.01   50.45 ^ clkbuf_leaf_34_clk/A (sky130_fd_sc_hd__clkbuf_16)
    11    0.04    0.06    0.19   50.64 ^ clkbuf_leaf_34_clk/X (sky130_fd_sc_hd__clkbuf_16)
                                         clknet_leaf_34_clk (net)
                  0.06    0.00   50.64 ^ u_mxu.cmd_q[64]$_DFFE_PN0P_/CLK (sky130_fd_sc_hd__dfrtp_1)
                          0.00   50.64   clock reconvergence pessimism
                         -0.11   50.52   library setup time
                                 50.52   data required time
-----------------------------------------------------------------------------
                                 50.52   data required time
                                -11.46   data arrival time
-----------------------------------------------------------------------------
                                 39.06   slack (MET)



==========================================================================
cts final report_checks -unconstrained
--------------------------------------------------------------------------
Startpoint: m[6] (input port clocked by core_clk)
Endpoint: u_mxu.cmd_q[64]$_DFFE_PN0P_
          (rising edge-triggered flip-flop clocked by core_clk)
Path Group: core_clk
Path Type: max

Fanout     Cap    Slew   Delay    Time   Description
-----------------------------------------------------------------------------
                          0.00    0.00   clock core_clk (rise edge)
                          0.00    0.00   clock network delay (propagated)
                          1.00    1.00 ^ input external delay
     1    0.01    0.00    0.00    1.00 ^ m[6] (in)
                                         m[6] (net)
                  0.00    0.00    1.00 ^ input52/A (sky130_fd_sc_hd__clkdlybuf4s50_1)
     1    0.00    0.06    0.46    1.46 ^ input52/X (sky130_fd_sc_hd__clkdlybuf4s50_1)
                                         net51 (net)
                  0.06    0.00    1.46 ^ place433/A (sky130_fd_sc_hd__buf_4)
    33    0.18    0.50    0.43    1.89 ^ place433/X (sky130_fd_sc_hd__buf_4)
                                         net427 (net)
                  0.50    0.02    1.91 ^ _09918_/B (sky130_fd_sc_hd__and2_1)
     1    0.01    0.08    0.22    2.13 ^ _09918_/X (sky130_fd_sc_hd__and2_1)
                                         _01213_ (net)
                  0.08    0.00    2.13 ^ _12832_/B (sky130_fd_sc_hd__fa_1)
     1    0.01    0.09    0.44    2.58 v _12832_/SUM (sky130_fd_sc_hd__fa_1)
                                         _06594_ (net)
                  0.09    0.00    2.58 v _12444_/B (sky130_fd_sc_hd__fa_1)
     1    0.01    0.09    0.54    3.12 ^ _12444_/SUM (sky130_fd_sc_hd__fa_1)
                                         _06597_ (net)
                  0.09    0.00    3.12 ^ _12527_/CIN (sky130_fd_sc_hd__fa_1)
     1    0.01    0.09    0.43    3.55 v _12527_/SUM (sky130_fd_sc_hd__fa_1)
                                         _05503_ (net)
                  0.09    0.00    3.55 v _12029_/CIN (sky130_fd_sc_hd__fa_1)
     1    0.01    0.10    0.48    4.03 v _12029_/SUM (sky130_fd_sc_hd__fa_1)
                                         _05505_ (net)
                  0.10    0.00    4.03 v _12704_/B (sky130_fd_sc_hd__fa_1)
     1    0.01    0.09    0.55    4.58 ^ _12704_/SUM (sky130_fd_sc_hd__fa_1)
                                         _07039_ (net)
                  0.09    0.00    4.58 ^ _12745_/B (sky130_fd_sc_hd__fa_1)
     1    0.01    0.09    0.43    5.02 v _12745_/SUM (sky130_fd_sc_hd__fa_1)
                                         _07091_ (net)
                  0.09    0.00    5.02 v _13458_/B (sky130_fd_sc_hd__ha_1)
     6    0.02    0.19    0.40    5.42 ^ _13458_/SUM (sky130_fd_sc_hd__ha_1)
                                         _01886_ (net)
                  0.19    0.00    5.42 ^ _09151_/C (sky130_fd_sc_hd__nand3_1)
     5    0.02    0.20    0.22    5.64 v _09151_/Y (sky130_fd_sc_hd__nand3_1)
                                         _03110_ (net)
                  0.20    0.00    5.64 v _09152_/D (sky130_fd_sc_hd__nor4_2)
     5    0.01    0.41    0.36    6.00 ^ _09152_/Y (sky130_fd_sc_hd__nor4_2)
                                         _03111_ (net)
                  0.41    0.00    6.00 ^ _09156_/A (sky130_fd_sc_hd__or2_1)
     3    0.01    0.10    0.21    6.20 ^ _09156_/X (sky130_fd_sc_hd__or2_1)
                                         _03115_ (net)
                  0.10    0.00    6.20 ^ _09161_/A (sky130_fd_sc_hd__nor2_1)
     2    0.01    0.13    0.08    6.28 v _09161_/Y (sky130_fd_sc_hd__nor2_1)
                                         _03120_ (net)
                  0.13    0.00    6.28 v _09162_/B (sky130_fd_sc_hd__xnor2_1)
     1    0.01    0.28    0.29    6.57 ^ _09162_/Y (sky130_fd_sc_hd__xnor2_1)
                                         _01381_ (net)
                  0.28    0.00    6.57 ^ _13053_/B (sky130_fd_sc_hd__ha_1)
     7    0.02    0.13    0.36    6.93 v _13053_/SUM (sky130_fd_sc_hd__ha_1)
                                         _01383_ (net)
                  0.13    0.00    6.93 v _10905_/A1 (sky130_fd_sc_hd__a22o_1)
     1    0.01    0.06    0.25    7.18 v _10905_/X (sky130_fd_sc_hd__a22o_1)
                                         _04013_ (net)
                  0.06    0.00    7.18 v _10911_/B1 (sky130_fd_sc_hd__a2111oi_2)
     2    0.01    0.36    0.41    7.59 ^ _10911_/Y (sky130_fd_sc_hd__a2111oi_2)
                                         _04019_ (net)
                  0.36    0.00    7.59 ^ _11360_/B (sky130_fd_sc_hd__nand3_1)
     1    0.00    0.09    0.13    7.72 v _11360_/Y (sky130_fd_sc_hd__nand3_1)
                                         _04437_ (net)
                  0.09    0.00    7.72 v _11362_/B (sky130_fd_sc_hd__nor3_1)
     1    0.00    0.15    0.18    7.90 ^ _11362_/Y (sky130_fd_sc_hd__nor3_1)
                                         _04439_ (net)
                  0.15    0.00    7.90 ^ _11363_/D (sky130_fd_sc_hd__nand4_1)
     1    0.00    0.12    0.10    8.01 v _11363_/Y (sky130_fd_sc_hd__nand4_1)
                                         _04440_ (net)
                  0.12    0.00    8.01 v _11364_/D (sky130_fd_sc_hd__or4_1)
     1    0.00    0.07    0.40    8.40 v _11364_/X (sky130_fd_sc_hd__or4_1)
                                         _04441_ (net)
                  0.07    0.00    8.40 v _11365_/D (sky130_fd_sc_hd__or4_1)
     1    0.01    0.13    0.46    8.87 v _11365_/X (sky130_fd_sc_hd__or4_1)
                                         _04442_ (net)
                  0.13    0.00    8.87 v _11366_/C (sky130_fd_sc_hd__or4b_4)
     1    0.01    0.10    0.54    9.40 v _11366_/X (sky130_fd_sc_hd__or4b_4)
                                         _04443_ (net)
                  0.10    0.00    9.40 v _11367_/C (sky130_fd_sc_hd__nor4b_4)
     6    0.03    0.53    0.49    9.90 ^ _11367_/Y (sky130_fd_sc_hd__nor4b_4)
                                         _04444_ (net)
                  0.53    0.00    9.90 ^ _11368_/C (sky130_fd_sc_hd__nand3_4)
    46    0.19    0.61    0.55   10.46 v _11368_/Y (sky130_fd_sc_hd__nand3_4)
                                         _04445_ (net)
                  0.61    0.00   10.46 v place317/A (sky130_fd_sc_hd__buf_4)
    48    0.27    0.32    0.58   11.04 v place317/X (sky130_fd_sc_hd__buf_4)
                                         net311 (net)
                  0.32    0.04   11.07 v _11421_/S (sky130_fd_sc_hd__mux2_4)
     1    0.00    0.05    0.39   11.46 v _11421_/X (sky130_fd_sc_hd__mux2_4)
                                         _02033_ (net)
                  0.05    0.00   11.46 v u_mxu.cmd_q[64]$_DFFE_PN0P_/D (sky130_fd_sc_hd__dfrtp_1)
                                 11.46   data arrival time

                         50.00   50.00   clock core_clk (rise edge)
                          0.00   50.00   clock source latency
     1    0.09    0.00    0.00   50.00 ^ clk (in)
                                         clk (net)
                  0.00    0.00   50.00 ^ clkbuf_0_clk/A (sky130_fd_sc_hd__clkbuf_16)
     4    0.11    0.12    0.18   50.18 ^ clkbuf_0_clk/X (sky130_fd_sc_hd__clkbuf_16)
                                         clknet_0_clk (net)
                  0.12    0.00   50.18 ^ clkbuf_2_0__f_clk/A (sky130_fd_sc_hd__clkbuf_16)
     8    0.17    0.18    0.26   50.44 ^ clkbuf_2_0__f_clk/X (sky130_fd_sc_hd__clkbuf_16)
                                         clknet_2_0__leaf_clk (net)
                  0.18    0.01   50.45 ^ clkbuf_leaf_34_clk/A (sky130_fd_sc_hd__clkbuf_16)
    11    0.04    0.06    0.19   50.64 ^ clkbuf_leaf_34_clk/X (sky130_fd_sc_hd__clkbuf_16)
                                         clknet_leaf_34_clk (net)
                  0.06    0.00   50.64 ^ u_mxu.cmd_q[64]$_DFFE_PN0P_/CLK (sky130_fd_sc_hd__dfrtp_1)
                          0.00   50.64   clock reconvergence pessimism
                         -0.11   50.52   library setup time
                                 50.52   data required time
-----------------------------------------------------------------------------
                                 50.52   data required time
                                -11.46   data arrival time
-----------------------------------------------------------------------------
                                 39.06   slack (MET)



==========================================================================
cts final report_check_types -max_slew -max_cap -max_fanout -violators
--------------------------------------------------------------------------

==========================================================================
cts final max_slew_check_slack
--------------------------------------------------------------------------
0.06089595705270767

==========================================================================
cts final max_slew_check_limit
--------------------------------------------------------------------------
1.46219003200531

==========================================================================
cts final max_slew_check_slack_limit
--------------------------------------------------------------------------
0.0416

==========================================================================
cts final max_fanout_check_slack
--------------------------------------------------------------------------
1.0000000150474662e+30

==========================================================================
cts final max_fanout_check_limit
--------------------------------------------------------------------------
1.0000000150474662e+30

==========================================================================
cts final max_capacitance_check_slack
--------------------------------------------------------------------------
0.0002186209021601826

==========================================================================
cts final max_capacitance_check_limit
--------------------------------------------------------------------------
0.021067000925540924

==========================================================================
cts final max_capacitance_check_slack_limit
--------------------------------------------------------------------------
0.0104

==========================================================================
cts final max_slew_violation_count
--------------------------------------------------------------------------
max slew violation count 0

==========================================================================
cts final max_fanout_violation_count
--------------------------------------------------------------------------
max fanout violation count 0

==========================================================================
cts final max_cap_violation_count
--------------------------------------------------------------------------
max cap violation count 0

==========================================================================
cts final setup_violation_count
--------------------------------------------------------------------------
setup violation count 0

==========================================================================
cts final hold_violation_count
--------------------------------------------------------------------------
hold violation count 0

==========================================================================
cts final report_checks -path_delay max reg to reg
--------------------------------------------------------------------------
Startpoint: u_mxu.cnt_i_q[6]$_DFFE_PN0P_
            (rising edge-triggered flip-flop clocked by core_clk)
Endpoint: u_mxu.vmem_req[67]$_DFF_PN0_
          (rising edge-triggered flip-flop clocked by core_clk)
Path Group: core_clk
Path Type: max

  Delay    Time   Description
---------------------------------------------------------
   0.00    0.00   clock core_clk (rise edge)
   0.00    0.00   clock source latency
   0.00    0.00 ^ clk (in)
   0.18    0.18 ^ clkbuf_0_clk/X (sky130_fd_sc_hd__clkbuf_16)
   0.28    0.46 ^ clkbuf_2_3__f_clk/X (sky130_fd_sc_hd__clkbuf_16)
   0.20    0.66 ^ clkbuf_leaf_26_clk/X (sky130_fd_sc_hd__clkbuf_16)
   0.00    0.67 ^ u_mxu.cnt_i_q[6]$_DFFE_PN0P_/CLK (sky130_fd_sc_hd__dfrtp_1)
   0.77    1.44 ^ u_mxu.cnt_i_q[6]$_DFFE_PN0P_/Q (sky130_fd_sc_hd__dfrtp_1)
   0.56    2.00 ^ place354/X (sky130_fd_sc_hd__buf_4)
   0.24    2.24 ^ _08705_/X (sky130_fd_sc_hd__and2_1)
   0.45    2.69 v _12773_/SUM (sky130_fd_sc_hd__fa_1)
   0.51    3.20 ^ _11787_/SUM (sky130_fd_sc_hd__fa_1)
   0.45    3.65 v _11932_/SUM (sky130_fd_sc_hd__fa_1)
   0.52    4.17 v _11955_/SUM (sky130_fd_sc_hd__fa_1)
   0.52    4.69 v _11974_/SUM (sky130_fd_sc_hd__fa_1)
   0.55    5.24 v _11989_/SUM (sky130_fd_sc_hd__fa_1)
   0.37    5.62 v _13502_/SUM (sky130_fd_sc_hd__ha_1)
   0.22    5.84 ^ _07651_/Y (sky130_fd_sc_hd__a21oi_1)
   0.09    5.93 v _07905_/Y (sky130_fd_sc_hd__nor2_1)
   0.62    6.55 ^ _07908_/Y (sky130_fd_sc_hd__a2111oi_0)
   0.27    6.82 ^ _07912_/X (sky130_fd_sc_hd__o21a_1)
   0.15    6.97 v _07915_/Y (sky130_fd_sc_hd__a21oi_1)
   0.24    7.20 v _07920_/X (sky130_fd_sc_hd__o21a_1)
   0.63    7.83 ^ _07928_/Y (sky130_fd_sc_hd__o41ai_1)
   0.35    8.18 v _07964_/Y (sky130_fd_sc_hd__o21ai_1)
   0.39    8.57 ^ _07995_/Y (sky130_fd_sc_hd__nor3_1)
   0.14    8.71 v _08127_/Y (sky130_fd_sc_hd__nand3_1)
   0.16    8.87 v _08128_/Y (sky130_fd_sc_hd__xnor2_1)
   0.18    9.06 ^ _08129_/Y (sky130_fd_sc_hd__a22oi_1)
   0.21    9.27 v _08130_/Y (sky130_fd_sc_hd__o21ai_0)
   0.00    9.27 v u_mxu.vmem_req[67]$_DFF_PN0_/D (sky130_fd_sc_hd__dfrtp_1)
           9.27   data arrival time

  50.00   50.00   clock core_clk (rise edge)
   0.00   50.00   clock source latency
   0.00   50.00 ^ clk (in)
   0.18   50.18 ^ clkbuf_0_clk/X (sky130_fd_sc_hd__clkbuf_16)
   0.26   50.44 ^ clkbuf_2_0__f_clk/X (sky130_fd_sc_hd__clkbuf_16)
   0.19   50.64 ^ clkbuf_leaf_32_clk/X (sky130_fd_sc_hd__clkbuf_16)
   0.00   50.64 ^ u_mxu.vmem_req[67]$_DFF_PN0_/CLK (sky130_fd_sc_hd__dfrtp_1)
   0.00   50.64   clock reconvergence pessimism
  -0.18   50.46   library setup time
          50.46   data required time
---------------------------------------------------------
          50.46   data required time
          -9.27   data arrival time
---------------------------------------------------------
          41.19   slack (MET)



==========================================================================
cts final report_checks -path_delay min reg to reg
--------------------------------------------------------------------------
Startpoint: u_mxu.u_arr_i8.state_q[3]$_DFF_PN0_
            (rising edge-triggered flip-flop clocked by core_clk)
Endpoint: u_mxu.u_arr_i8.state_q[2]$_DFF_PN0_
          (rising edge-triggered flip-flop clocked by core_clk)
Path Group: core_clk
Path Type: min

  Delay    Time   Description
---------------------------------------------------------
   0.00    0.00   clock core_clk (rise edge)
   0.00    0.00   clock source latency
   0.00    0.00 ^ clk (in)
   0.18    0.18 ^ clkbuf_0_clk/X (sky130_fd_sc_hd__clkbuf_16)
   0.26    0.44 ^ clkbuf_2_1__f_clk/X (sky130_fd_sc_hd__clkbuf_16)
   0.19    0.63 ^ clkbuf_leaf_15_clk/X (sky130_fd_sc_hd__clkbuf_16)
   0.00    0.63 ^ u_mxu.u_arr_i8.state_q[3]$_DFF_PN0_/CLK (sky130_fd_sc_hd__dfrtp_1)
   0.32    0.95 ^ u_mxu.u_arr_i8.state_q[3]$_DFF_PN0_/Q (sky130_fd_sc_hd__dfrtp_1)
   0.00    0.95 ^ u_mxu.u_arr_i8.state_q[2]$_DFF_PN0_/D (sky130_fd_sc_hd__dfrtp_1)
           0.95   data arrival time

   0.00    0.00   clock core_clk (rise edge)
   0.00    0.00   clock source latency
   0.00    0.00 ^ clk (in)
   0.18    0.18 ^ clkbuf_0_clk/X (sky130_fd_sc_hd__clkbuf_16)
   0.26    0.44 ^ clkbuf_2_2__f_clk/X (sky130_fd_sc_hd__clkbuf_16)
   0.19    0.63 ^ clkbuf_leaf_14_clk/X (sky130_fd_sc_hd__clkbuf_16)
   0.00    0.63 ^ u_mxu.u_arr_i8.state_q[2]$_DFF_PN0_/CLK (sky130_fd_sc_hd__dfrtp_1)
   0.00    0.63   clock reconvergence pessimism
  -0.03    0.59   library hold time
           0.59   data required time
---------------------------------------------------------
           0.59   data required time
          -0.95   data arrival time
---------------------------------------------------------
           0.36   slack (MET)



==========================================================================
cts final critical path target clock latency max path
--------------------------------------------------------------------------
0.6360

==========================================================================
cts final critical path target clock latency min path
--------------------------------------------------------------------------
0.6274

==========================================================================
cts final critical path source clock latency min path
--------------------------------------------------------------------------
0.0000

==========================================================================
cts final critical path delay
--------------------------------------------------------------------------
11.4641

==========================================================================
cts final critical path slack
--------------------------------------------------------------------------
39.0588

==========================================================================
cts final slack div critical path delay
--------------------------------------------------------------------------
340.705332

==========================================================================
cts final report_power
--------------------------------------------------------------------------
Group                  Internal  Switching    Leakage      Total
                          Power      Power      Power      Power (Watts)
----------------------------------------------------------------
Sequential             2.77e-04   0.00e+00   4.31e-09   2.77e-04   6.4%
Combinational          1.35e-03   2.37e-03   2.89e-08   3.72e-03  86.2%
Clock                  1.77e-04   1.43e-04   6.72e-10   3.20e-04   7.4%
Macro                  0.00e+00   0.00e+00   0.00e+00   0.00e+00   0.0%
Pad                    0.00e+00   0.00e+00   0.00e+00   0.00e+00   0.0%
----------------------------------------------------------------
Total                  1.81e-03   2.51e-03   3.39e-08   4.32e-03 100.0%
                          41.9%      58.1%       0.0%
