
==========================================================================
global route report_tns
--------------------------------------------------------------------------
tns max 0.00

==========================================================================
global route report_wns
--------------------------------------------------------------------------
wns max 0.00

==========================================================================
global route report_worst_slack
--------------------------------------------------------------------------
worst slack max 38.59

==========================================================================
global route report_clock_min_period
--------------------------------------------------------------------------
core_clk period_min = 11.41 fmax = 87.65

==========================================================================
global route report_clock_skew
--------------------------------------------------------------------------
Clock core_clk
   0.66 source latency u_mxu.cmd_q[19]$_DFFE_PN0P_/CLK ^
  -0.61 target latency u_mxu.u_arr_i8.c_out[16]$_DFFE_PN0P_/CLK ^
   0.00 CRPR
--------------
   0.04 setup skew


==========================================================================
global route report_checks -path_delay min
--------------------------------------------------------------------------
Startpoint: u_mxu.u_arr_i8.state_q[3]$_DFF_PN0_
            (rising edge-triggered flip-flop clocked by core_clk)
Endpoint: u_mxu.u_arr_i8.state_q[2]$_DFF_PN0_
          (rising edge-triggered flip-flop clocked by core_clk)
Path Group: core_clk
Path Type: min

Fanout     Cap    Slew   Delay    Time   Description
-----------------------------------------------------------------------------
                          0.00    0.00   clock core_clk (rise edge)
                          0.00    0.00   clock source latency
     2    0.08    0.00    0.00    0.00 ^ clk (in)
                                         clk (net)
                  0.00    0.00    0.00 ^ clkbuf_0_clk/A (sky130_fd_sc_hd__clkbuf_16)
     4    0.10    0.11    0.17    0.17 ^ clkbuf_0_clk/X (sky130_fd_sc_hd__clkbuf_16)
                                         clknet_0_clk (net)
                  0.11    0.00    0.17 ^ clkbuf_2_1__f_clk/A (sky130_fd_sc_hd__clkbuf_16)
     9    0.16    0.18    0.25    0.43 ^ clkbuf_2_1__f_clk/X (sky130_fd_sc_hd__clkbuf_16)
                                         clknet_2_1__leaf_clk (net)
                  0.18    0.00    0.43 ^ clkbuf_leaf_15_clk/A (sky130_fd_sc_hd__clkbuf_16)
    11    0.05    0.07    0.19    0.62 ^ clkbuf_leaf_15_clk/X (sky130_fd_sc_hd__clkbuf_16)
                                         clknet_leaf_15_clk (net)
                  0.07    0.00    0.63 ^ u_mxu.u_arr_i8.state_q[3]$_DFF_PN0_/CLK (sky130_fd_sc_hd__dfrtp_1)
     1    0.00    0.05    0.32    0.95 ^ u_mxu.u_arr_i8.state_q[3]$_DFF_PN0_/Q (sky130_fd_sc_hd__dfrtp_1)
                                         u_mxu.u_arr_i8.state_q[3] (net)
                  0.05    0.00    0.95 ^ u_mxu.u_arr_i8.state_q[2]$_DFF_PN0_/D (sky130_fd_sc_hd__dfrtp_1)
                                  0.95   data arrival time

                          0.00    0.00   clock core_clk (rise edge)
                          0.00    0.00   clock source latency
     2    0.08    0.00    0.00    0.00 ^ clk (in)
                                         clk (net)
                  0.00    0.00    0.00 ^ clkbuf_0_clk/A (sky130_fd_sc_hd__clkbuf_16)
     4    0.10    0.11    0.17    0.17 ^ clkbuf_0_clk/X (sky130_fd_sc_hd__clkbuf_16)
                                         clknet_0_clk (net)
                  0.11    0.00    0.17 ^ clkbuf_2_2__f_clk/A (sky130_fd_sc_hd__clkbuf_16)
    10    0.16    0.17    0.25    0.42 ^ clkbuf_2_2__f_clk/X (sky130_fd_sc_hd__clkbuf_16)
                                         clknet_2_2__leaf_clk (net)
                  0.17    0.00    0.43 ^ clkbuf_leaf_14_clk/A (sky130_fd_sc_hd__clkbuf_16)
    12    0.05    0.07    0.19    0.62 ^ clkbuf_leaf_14_clk/X (sky130_fd_sc_hd__clkbuf_16)
                                         clknet_leaf_14_clk (net)
                  0.07    0.00    0.62 ^ u_mxu.u_arr_i8.state_q[2]$_DFF_PN0_/CLK (sky130_fd_sc_hd__dfrtp_1)
                          0.00    0.62   clock reconvergence pessimism
                         -0.03    0.58   library hold time
                                  0.58   data required time
-----------------------------------------------------------------------------
                                  0.58   data required time
                                 -0.95   data arrival time
-----------------------------------------------------------------------------
                                  0.37   slack (MET)



==========================================================================
global route report_checks -path_delay max
--------------------------------------------------------------------------
Startpoint: m[6] (input port clocked by core_clk)
Endpoint: u_mxu.cmd_q[61]$_DFFE_PN0P_
          (rising edge-triggered flip-flop clocked by core_clk)
Path Group: core_clk
Path Type: max

Fanout     Cap    Slew   Delay    Time   Description
-----------------------------------------------------------------------------
                          0.00    0.00   clock core_clk (rise edge)
                          0.00    0.00   clock network delay (propagated)
                          1.00    1.00 ^ input external delay
     1    0.01    0.00    0.00    1.00 ^ m[6] (in)
                                         m[6] (net)
                  0.00    0.00    1.00 ^ input52/A (sky130_fd_sc_hd__clkdlybuf4s50_1)
     1    0.00    0.06    0.46    1.46 ^ input52/X (sky130_fd_sc_hd__clkdlybuf4s50_1)
                                         net51 (net)
                  0.06    0.00    1.46 ^ place433/A (sky130_fd_sc_hd__buf_4)
    33    0.19    0.52    0.44    1.90 ^ place433/X (sky130_fd_sc_hd__buf_4)
                                         net427 (net)
                  0.52    0.02    1.92 ^ _09918_/B (sky130_fd_sc_hd__and2_1)
     1    0.01    0.10    0.24    2.16 ^ _09918_/X (sky130_fd_sc_hd__and2_1)
                                         _01213_ (net)
                  0.10    0.00    2.16 ^ _12832_/B (sky130_fd_sc_hd__fa_1)
     1    0.01    0.10    0.45    2.61 v _12832_/SUM (sky130_fd_sc_hd__fa_1)
                                         _06594_ (net)
                  0.10    0.00    2.61 v _12444_/B (sky130_fd_sc_hd__fa_1)
     1    0.01    0.10    0.56    3.17 ^ _12444_/SUM (sky130_fd_sc_hd__fa_1)
                                         _06597_ (net)
                  0.10    0.00    3.17 ^ _12527_/CIN (sky130_fd_sc_hd__fa_1)
     1    0.01    0.09    0.43    3.60 v _12527_/SUM (sky130_fd_sc_hd__fa_1)
                                         _05503_ (net)
                  0.09    0.00    3.60 v _12029_/CIN (sky130_fd_sc_hd__fa_1)
     1    0.01    0.11    0.49    4.10 v _12029_/SUM (sky130_fd_sc_hd__fa_1)
                                         _05505_ (net)
                  0.11    0.00    4.10 v _12704_/B (sky130_fd_sc_hd__fa_1)
     1    0.01    0.10    0.56    4.66 ^ _12704_/SUM (sky130_fd_sc_hd__fa_1)
                                         _07039_ (net)
                  0.10    0.00    4.66 ^ _12745_/B (sky130_fd_sc_hd__fa_1)
     1    0.01    0.09    0.44    5.10 v _12745_/SUM (sky130_fd_sc_hd__fa_1)
                                         _07091_ (net)
                  0.09    0.00    5.10 v _13458_/B (sky130_fd_sc_hd__ha_1)
     6    0.03    0.22    0.42    5.52 ^ _13458_/SUM (sky130_fd_sc_hd__ha_1)
                                         _01886_ (net)
                  0.22    0.00    5.52 ^ _09151_/C (sky130_fd_sc_hd__nand3_1)
     5    0.02    0.23    0.25    5.78 v _09151_/Y (sky130_fd_sc_hd__nand3_1)
                                         _03110_ (net)
                  0.23    0.00    5.78 v _09152_/D (sky130_fd_sc_hd__nor4_2)
     5    0.02    0.47    0.42    6.19 ^ _09152_/Y (sky130_fd_sc_hd__nor4_2)
                                         _03111_ (net)
                  0.47    0.00    6.19 ^ _09156_/A (sky130_fd_sc_hd__or2_1)
     3    0.01    0.10    0.22    6.41 ^ _09156_/X (sky130_fd_sc_hd__or2_1)
                                         _03115_ (net)
                  0.10    0.00    6.41 ^ _09161_/A (sky130_fd_sc_hd__nor2_1)
     2    0.01    0.15    0.09    6.50 v _09161_/Y (sky130_fd_sc_hd__nor2_1)
                                         _03120_ (net)
                  0.15    0.00    6.50 v _09162_/B (sky130_fd_sc_hd__xnor2_1)
     1    0.01    0.27    0.29    6.78 ^ _09162_/Y (sky130_fd_sc_hd__xnor2_1)
                                         _01381_ (net)
                  0.27    0.00    6.79 ^ _13053_/B (sky130_fd_sc_hd__ha_1)
     7    0.02    0.15    0.37    7.16 v _13053_/SUM (sky130_fd_sc_hd__ha_1)
                                         _01383_ (net)
                  0.15    0.00    7.16 v _10905_/A1 (sky130_fd_sc_hd__a22o_1)
     1    0.01    0.06    0.27    7.42 v _10905_/X (sky130_fd_sc_hd__a22o_1)
                                         _04013_ (net)
                  0.06    0.00    7.42 v _10911_/B1 (sky130_fd_sc_hd__a2111oi_2)
     2    0.01    0.41    0.45    7.88 ^ _10911_/Y (sky130_fd_sc_hd__a2111oi_2)
                                         _04019_ (net)
                  0.41    0.00    7.88 ^ _11360_/B (sky130_fd_sc_hd__nand3_1)
     1    0.00    0.11    0.14    8.02 v _11360_/Y (sky130_fd_sc_hd__nand3_1)
                                         _04437_ (net)
                  0.11    0.00    8.02 v _11362_/B (sky130_fd_sc_hd__nor3_1)
     1    0.00    0.16    0.19    8.21 ^ _11362_/Y (sky130_fd_sc_hd__nor3_1)
                                         _04439_ (net)
                  0.16    0.00    8.21 ^ _11363_/D (sky130_fd_sc_hd__nand4_1)
     1    0.00    0.13    0.11    8.32 v _11363_/Y (sky130_fd_sc_hd__nand4_1)
                                         _04440_ (net)
                  0.13    0.00    8.32 v _11364_/D (sky130_fd_sc_hd__or4_1)
     1    0.00    0.08    0.41    8.73 v _11364_/X (sky130_fd_sc_hd__or4_1)
                                         _04441_ (net)
                  0.08    0.00    8.73 v _11365_/D (sky130_fd_sc_hd__or4_1)
     1    0.01    0.12    0.46    9.19 v _11365_/X (sky130_fd_sc_hd__or4_1)
                                         _04442_ (net)
                  0.12    0.00    9.19 v _11366_/C (sky130_fd_sc_hd__or4b_4)
     1    0.01    0.10    0.54    9.73 v _11366_/X (sky130_fd_sc_hd__or4b_4)
                                         _04443_ (net)
                  0.10    0.00    9.73 v _11367_/C (sky130_fd_sc_hd__nor4b_4)
     6    0.04    0.58    0.53   10.26 ^ _11367_/Y (sky130_fd_sc_hd__nor4b_4)
                                         _04444_ (net)
                  0.58    0.00   10.26 ^ _11368_/C (sky130_fd_sc_hd__nand3_4)
    46    0.21    0.67    0.60   10.86 v _11368_/Y (sky130_fd_sc_hd__nand3_4)
                                         _04445_ (net)
                  0.67    0.01   10.87 v place317/A (sky130_fd_sc_hd__buf_4)
    48    0.28    0.34    0.60   11.47 v place317/X (sky130_fd_sc_hd__buf_4)
                                         net311 (net)
                  0.35    0.05   11.52 v _11425_/S (sky130_fd_sc_hd__mux2_4)
     1    0.01    0.05    0.40   11.92 v _11425_/X (sky130_fd_sc_hd__mux2_4)
                                         _02036_ (net)
                  0.05    0.00   11.92 v u_mxu.cmd_q[61]$_DFFE_PN0P_/D (sky130_fd_sc_hd__dfrtp_1)
                                 11.92   data arrival time

                         50.00   50.00   clock core_clk (rise edge)
                          0.00   50.00   clock source latency
     2    0.08    0.00    0.00   50.00 ^ clk (in)
                                         clk (net)
                  0.00    0.00   50.00 ^ clkbuf_0_clk/A (sky130_fd_sc_hd__clkbuf_16)
     4    0.10    0.11    0.17   50.17 ^ clkbuf_0_clk/X (sky130_fd_sc_hd__clkbuf_16)
                                         clknet_0_clk (net)
                  0.11    0.00   50.17 ^ clkbuf_2_0__f_clk/A (sky130_fd_sc_hd__clkbuf_16)
     8    0.17    0.18    0.26   50.43 ^ clkbuf_2_0__f_clk/X (sky130_fd_sc_hd__clkbuf_16)
                                         clknet_2_0__leaf_clk (net)
                  0.18    0.01   50.44 ^ clkbuf_leaf_34_clk/A (sky130_fd_sc_hd__clkbuf_16)
    11    0.04    0.06    0.19   50.63 ^ clkbuf_leaf_34_clk/X (sky130_fd_sc_hd__clkbuf_16)
                                         clknet_leaf_34_clk (net)
                  0.06    0.00   50.63 ^ u_mxu.cmd_q[61]$_DFFE_PN0P_/CLK (sky130_fd_sc_hd__dfrtp_1)
                          0.00   50.63   clock reconvergence pessimism
                         -0.11   50.51   library setup time
                                 50.51   data required time
-----------------------------------------------------------------------------
                                 50.51   data required time
                                -11.92   data arrival time
-----------------------------------------------------------------------------
                                 38.59   slack (MET)



==========================================================================
global route report_checks -unconstrained
--------------------------------------------------------------------------
Startpoint: m[6] (input port clocked by core_clk)
Endpoint: u_mxu.cmd_q[61]$_DFFE_PN0P_
          (rising edge-triggered flip-flop clocked by core_clk)
Path Group: core_clk
Path Type: max

Fanout     Cap    Slew   Delay    Time   Description
-----------------------------------------------------------------------------
                          0.00    0.00   clock core_clk (rise edge)
                          0.00    0.00   clock network delay (propagated)
                          1.00    1.00 ^ input external delay
     1    0.01    0.00    0.00    1.00 ^ m[6] (in)
                                         m[6] (net)
                  0.00    0.00    1.00 ^ input52/A (sky130_fd_sc_hd__clkdlybuf4s50_1)
     1    0.00    0.06    0.46    1.46 ^ input52/X (sky130_fd_sc_hd__clkdlybuf4s50_1)
                                         net51 (net)
                  0.06    0.00    1.46 ^ place433/A (sky130_fd_sc_hd__buf_4)
    33    0.19    0.52    0.44    1.90 ^ place433/X (sky130_fd_sc_hd__buf_4)
                                         net427 (net)
                  0.52    0.02    1.92 ^ _09918_/B (sky130_fd_sc_hd__and2_1)
     1    0.01    0.10    0.24    2.16 ^ _09918_/X (sky130_fd_sc_hd__and2_1)
                                         _01213_ (net)
                  0.10    0.00    2.16 ^ _12832_/B (sky130_fd_sc_hd__fa_1)
     1    0.01    0.10    0.45    2.61 v _12832_/SUM (sky130_fd_sc_hd__fa_1)
                                         _06594_ (net)
                  0.10    0.00    2.61 v _12444_/B (sky130_fd_sc_hd__fa_1)
     1    0.01    0.10    0.56    3.17 ^ _12444_/SUM (sky130_fd_sc_hd__fa_1)
                                         _06597_ (net)
                  0.10    0.00    3.17 ^ _12527_/CIN (sky130_fd_sc_hd__fa_1)
     1    0.01    0.09    0.43    3.60 v _12527_/SUM (sky130_fd_sc_hd__fa_1)
                                         _05503_ (net)
                  0.09    0.00    3.60 v _12029_/CIN (sky130_fd_sc_hd__fa_1)
     1    0.01    0.11    0.49    4.10 v _12029_/SUM (sky130_fd_sc_hd__fa_1)
                                         _05505_ (net)
                  0.11    0.00    4.10 v _12704_/B (sky130_fd_sc_hd__fa_1)
     1    0.01    0.10    0.56    4.66 ^ _12704_/SUM (sky130_fd_sc_hd__fa_1)
                                         _07039_ (net)
                  0.10    0.00    4.66 ^ _12745_/B (sky130_fd_sc_hd__fa_1)
     1    0.01    0.09    0.44    5.10 v _12745_/SUM (sky130_fd_sc_hd__fa_1)
                                         _07091_ (net)
                  0.09    0.00    5.10 v _13458_/B (sky130_fd_sc_hd__ha_1)
     6    0.03    0.22    0.42    5.52 ^ _13458_/SUM (sky130_fd_sc_hd__ha_1)
                                         _01886_ (net)
                  0.22    0.00    5.52 ^ _09151_/C (sky130_fd_sc_hd__nand3_1)
     5    0.02    0.23    0.25    5.78 v _09151_/Y (sky130_fd_sc_hd__nand3_1)
                                         _03110_ (net)
                  0.23    0.00    5.78 v _09152_/D (sky130_fd_sc_hd__nor4_2)
     5    0.02    0.47    0.42    6.19 ^ _09152_/Y (sky130_fd_sc_hd__nor4_2)
                                         _03111_ (net)
                  0.47    0.00    6.19 ^ _09156_/A (sky130_fd_sc_hd__or2_1)
     3    0.01    0.10    0.22    6.41 ^ _09156_/X (sky130_fd_sc_hd__or2_1)
                                         _03115_ (net)
                  0.10    0.00    6.41 ^ _09161_/A (sky130_fd_sc_hd__nor2_1)
     2    0.01    0.15    0.09    6.50 v _09161_/Y (sky130_fd_sc_hd__nor2_1)
                                         _03120_ (net)
                  0.15    0.00    6.50 v _09162_/B (sky130_fd_sc_hd__xnor2_1)
     1    0.01    0.27    0.29    6.78 ^ _09162_/Y (sky130_fd_sc_hd__xnor2_1)
                                         _01381_ (net)
                  0.27    0.00    6.79 ^ _13053_/B (sky130_fd_sc_hd__ha_1)
     7    0.02    0.15    0.37    7.16 v _13053_/SUM (sky130_fd_sc_hd__ha_1)
                                         _01383_ (net)
                  0.15    0.00    7.16 v _10905_/A1 (sky130_fd_sc_hd__a22o_1)
     1    0.01    0.06    0.27    7.42 v _10905_/X (sky130_fd_sc_hd__a22o_1)
                                         _04013_ (net)
                  0.06    0.00    7.42 v _10911_/B1 (sky130_fd_sc_hd__a2111oi_2)
     2    0.01    0.41    0.45    7.88 ^ _10911_/Y (sky130_fd_sc_hd__a2111oi_2)
                                         _04019_ (net)
                  0.41    0.00    7.88 ^ _11360_/B (sky130_fd_sc_hd__nand3_1)
     1    0.00    0.11    0.14    8.02 v _11360_/Y (sky130_fd_sc_hd__nand3_1)
                                         _04437_ (net)
                  0.11    0.00    8.02 v _11362_/B (sky130_fd_sc_hd__nor3_1)
     1    0.00    0.16    0.19    8.21 ^ _11362_/Y (sky130_fd_sc_hd__nor3_1)
                                         _04439_ (net)
                  0.16    0.00    8.21 ^ _11363_/D (sky130_fd_sc_hd__nand4_1)
     1    0.00    0.13    0.11    8.32 v _11363_/Y (sky130_fd_sc_hd__nand4_1)
                                         _04440_ (net)
                  0.13    0.00    8.32 v _11364_/D (sky130_fd_sc_hd__or4_1)
     1    0.00    0.08    0.41    8.73 v _11364_/X (sky130_fd_sc_hd__or4_1)
                                         _04441_ (net)
                  0.08    0.00    8.73 v _11365_/D (sky130_fd_sc_hd__or4_1)
     1    0.01    0.12    0.46    9.19 v _11365_/X (sky130_fd_sc_hd__or4_1)
                                         _04442_ (net)
                  0.12    0.00    9.19 v _11366_/C (sky130_fd_sc_hd__or4b_4)
     1    0.01    0.10    0.54    9.73 v _11366_/X (sky130_fd_sc_hd__or4b_4)
                                         _04443_ (net)
                  0.10    0.00    9.73 v _11367_/C (sky130_fd_sc_hd__nor4b_4)
     6    0.04    0.58    0.53   10.26 ^ _11367_/Y (sky130_fd_sc_hd__nor4b_4)
                                         _04444_ (net)
                  0.58    0.00   10.26 ^ _11368_/C (sky130_fd_sc_hd__nand3_4)
    46    0.21    0.67    0.60   10.86 v _11368_/Y (sky130_fd_sc_hd__nand3_4)
                                         _04445_ (net)
                  0.67    0.01   10.87 v place317/A (sky130_fd_sc_hd__buf_4)
    48    0.28    0.34    0.60   11.47 v place317/X (sky130_fd_sc_hd__buf_4)
                                         net311 (net)
                  0.35    0.05   11.52 v _11425_/S (sky130_fd_sc_hd__mux2_4)
     1    0.01    0.05    0.40   11.92 v _11425_/X (sky130_fd_sc_hd__mux2_4)
                                         _02036_ (net)
                  0.05    0.00   11.92 v u_mxu.cmd_q[61]$_DFFE_PN0P_/D (sky130_fd_sc_hd__dfrtp_1)
                                 11.92   data arrival time

                         50.00   50.00   clock core_clk (rise edge)
                          0.00   50.00   clock source latency
     2    0.08    0.00    0.00   50.00 ^ clk (in)
                                         clk (net)
                  0.00    0.00   50.00 ^ clkbuf_0_clk/A (sky130_fd_sc_hd__clkbuf_16)
     4    0.10    0.11    0.17   50.17 ^ clkbuf_0_clk/X (sky130_fd_sc_hd__clkbuf_16)
                                         clknet_0_clk (net)
                  0.11    0.00   50.17 ^ clkbuf_2_0__f_clk/A (sky130_fd_sc_hd__clkbuf_16)
     8    0.17    0.18    0.26   50.43 ^ clkbuf_2_0__f_clk/X (sky130_fd_sc_hd__clkbuf_16)
                                         clknet_2_0__leaf_clk (net)
                  0.18    0.01   50.44 ^ clkbuf_leaf_34_clk/A (sky130_fd_sc_hd__clkbuf_16)
    11    0.04    0.06    0.19   50.63 ^ clkbuf_leaf_34_clk/X (sky130_fd_sc_hd__clkbuf_16)
                                         clknet_leaf_34_clk (net)
                  0.06    0.00   50.63 ^ u_mxu.cmd_q[61]$_DFFE_PN0P_/CLK (sky130_fd_sc_hd__dfrtp_1)
                          0.00   50.63   clock reconvergence pessimism
                         -0.11   50.51   library setup time
                                 50.51   data required time
-----------------------------------------------------------------------------
                                 50.51   data required time
                                -11.92   data arrival time
-----------------------------------------------------------------------------
                                 38.59   slack (MET)



==========================================================================
global route report_check_types -max_slew -max_cap -max_fanout -violators
--------------------------------------------------------------------------

==========================================================================
global route max_slew_check_slack
--------------------------------------------------------------------------
0.1117035374045372

==========================================================================
global route max_slew_check_limit
--------------------------------------------------------------------------
1.46219003200531

==========================================================================
global route max_slew_check_slack_limit
--------------------------------------------------------------------------
0.0764

==========================================================================
global route max_fanout_check_slack
--------------------------------------------------------------------------
1.0000000150474662e+30

==========================================================================
global route max_fanout_check_limit
--------------------------------------------------------------------------
1.0000000150474662e+30

==========================================================================
global route max_capacitance_check_slack
--------------------------------------------------------------------------
0.0014126916648820043

==========================================================================
global route max_capacitance_check_limit
--------------------------------------------------------------------------
0.021067000925540924

==========================================================================
global route max_capacitance_check_slack_limit
--------------------------------------------------------------------------
0.0671

==========================================================================
global route max_slew_violation_count
--------------------------------------------------------------------------
max slew violation count 0

==========================================================================
global route max_fanout_violation_count
--------------------------------------------------------------------------
max fanout violation count 0

==========================================================================
global route max_cap_violation_count
--------------------------------------------------------------------------
max cap violation count 0

==========================================================================
global route setup_violation_count
--------------------------------------------------------------------------
setup violation count 0

==========================================================================
global route hold_violation_count
--------------------------------------------------------------------------
hold violation count 0

==========================================================================
global route report_checks -path_delay max reg to reg
--------------------------------------------------------------------------
Startpoint: u_mxu.cnt_i_q[9]$_DFFE_PN0P_
            (rising edge-triggered flip-flop clocked by core_clk)
Endpoint: u_mxu.vmem_req[67]$_DFF_PN0_
          (rising edge-triggered flip-flop clocked by core_clk)
Path Group: core_clk
Path Type: max

  Delay    Time   Description
---------------------------------------------------------
   0.00    0.00   clock core_clk (rise edge)
   0.00    0.00   clock source latency
   0.00    0.00 ^ clk (in)
   0.17    0.17 ^ clkbuf_0_clk/X (sky130_fd_sc_hd__clkbuf_16)
   0.27    0.45 ^ clkbuf_2_3__f_clk/X (sky130_fd_sc_hd__clkbuf_16)
   0.20    0.65 ^ clkbuf_leaf_26_clk/X (sky130_fd_sc_hd__clkbuf_16)
   0.00    0.65 ^ u_mxu.cnt_i_q[9]$_DFFE_PN0P_/CLK (sky130_fd_sc_hd__dfrtp_1)
   0.78    1.43 ^ u_mxu.cnt_i_q[9]$_DFFE_PN0P_/Q (sky130_fd_sc_hd__dfrtp_1)
   0.60    2.02 ^ place349/X (sky130_fd_sc_hd__buf_4)
   0.27    2.29 ^ _08643_/X (sky130_fd_sc_hd__and2_1)
   0.47    2.76 v _12178_/SUM (sky130_fd_sc_hd__fa_1)
   0.55    3.31 ^ _12484_/SUM (sky130_fd_sc_hd__fa_1)
   0.44    3.75 v _11802_/SUM (sky130_fd_sc_hd__fa_1)
   0.55    4.31 ^ _11955_/SUM (sky130_fd_sc_hd__fa_1)
   0.48    4.79 v _11974_/SUM (sky130_fd_sc_hd__fa_1)
   0.54    5.34 v _11989_/SUM (sky130_fd_sc_hd__fa_1)
   0.38    5.71 v _13502_/SUM (sky130_fd_sc_hd__ha_1)
   0.25    5.97 ^ _07651_/Y (sky130_fd_sc_hd__a21oi_1)
   0.11    6.08 v _07905_/Y (sky130_fd_sc_hd__nor2_1)
   0.70    6.78 ^ _07908_/Y (sky130_fd_sc_hd__a2111oi_0)
   0.28    7.07 ^ _07912_/X (sky130_fd_sc_hd__o21a_1)
   0.17    7.23 v _07915_/Y (sky130_fd_sc_hd__a21oi_1)
   0.25    7.48 v _07920_/X (sky130_fd_sc_hd__o21a_1)
   0.69    8.17 ^ _07928_/Y (sky130_fd_sc_hd__o41ai_1)
   0.40    8.57 v _07964_/Y (sky130_fd_sc_hd__o21ai_1)
   0.45    9.02 ^ _07995_/Y (sky130_fd_sc_hd__nor3_1)
   0.15    9.17 v _08127_/Y (sky130_fd_sc_hd__nand3_1)
   0.17    9.34 v _08128_/Y (sky130_fd_sc_hd__xnor2_1)
   0.21    9.55 ^ _08129_/Y (sky130_fd_sc_hd__a22oi_1)
   0.23    9.78 v _08130_/Y (sky130_fd_sc_hd__o21ai_0)
   0.00    9.78 v u_mxu.vmem_req[67]$_DFF_PN0_/D (sky130_fd_sc_hd__dfrtp_1)
           9.78   data arrival time

  50.00   50.00   clock core_clk (rise edge)
   0.00   50.00   clock source latency
   0.00   50.00 ^ clk (in)
   0.17   50.17 ^ clkbuf_0_clk/X (sky130_fd_sc_hd__clkbuf_16)
   0.26   50.43 ^ clkbuf_2_0__f_clk/X (sky130_fd_sc_hd__clkbuf_16)
   0.20   50.63 ^ clkbuf_leaf_32_clk/X (sky130_fd_sc_hd__clkbuf_16)
   0.00   50.64 ^ u_mxu.vmem_req[67]$_DFF_PN0_/CLK (sky130_fd_sc_hd__dfrtp_1)
   0.00   50.64   clock reconvergence pessimism
  -0.18   50.45   library setup time
          50.45   data required time
---------------------------------------------------------
          50.45   data required time
          -9.78   data arrival time
---------------------------------------------------------
          40.67   slack (MET)



==========================================================================
global route report_checks -path_delay min reg to reg
--------------------------------------------------------------------------
Startpoint: u_mxu.u_arr_i8.state_q[3]$_DFF_PN0_
            (rising edge-triggered flip-flop clocked by core_clk)
Endpoint: u_mxu.u_arr_i8.state_q[2]$_DFF_PN0_
          (rising edge-triggered flip-flop clocked by core_clk)
Path Group: core_clk
Path Type: min

  Delay    Time   Description
---------------------------------------------------------
   0.00    0.00   clock core_clk (rise edge)
   0.00    0.00   clock source latency
   0.00    0.00 ^ clk (in)
   0.17    0.17 ^ clkbuf_0_clk/X (sky130_fd_sc_hd__clkbuf_16)
   0.26    0.43 ^ clkbuf_2_1__f_clk/X (sky130_fd_sc_hd__clkbuf_16)
   0.20    0.62 ^ clkbuf_leaf_15_clk/X (sky130_fd_sc_hd__clkbuf_16)
   0.00    0.63 ^ u_mxu.u_arr_i8.state_q[3]$_DFF_PN0_/CLK (sky130_fd_sc_hd__dfrtp_1)
   0.32    0.95 ^ u_mxu.u_arr_i8.state_q[3]$_DFF_PN0_/Q (sky130_fd_sc_hd__dfrtp_1)
   0.00    0.95 ^ u_mxu.u_arr_i8.state_q[2]$_DFF_PN0_/D (sky130_fd_sc_hd__dfrtp_1)
           0.95   data arrival time

   0.00    0.00   clock core_clk (rise edge)
   0.00    0.00   clock source latency
   0.00    0.00 ^ clk (in)
   0.17    0.17 ^ clkbuf_0_clk/X (sky130_fd_sc_hd__clkbuf_16)
   0.25    0.42 ^ clkbuf_2_2__f_clk/X (sky130_fd_sc_hd__clkbuf_16)
   0.19    0.62 ^ clkbuf_leaf_14_clk/X (sky130_fd_sc_hd__clkbuf_16)
   0.00    0.62 ^ u_mxu.u_arr_i8.state_q[2]$_DFF_PN0_/CLK (sky130_fd_sc_hd__dfrtp_1)
   0.00    0.62   clock reconvergence pessimism
  -0.03    0.58   library hold time
           0.58   data required time
---------------------------------------------------------
           0.58   data required time
          -0.95   data arrival time
---------------------------------------------------------
           0.37   slack (MET)



==========================================================================
global route critical path target clock latency max path
--------------------------------------------------------------------------
0.6279

==========================================================================
global route critical path target clock latency min path
--------------------------------------------------------------------------
0.6168

==========================================================================
global route critical path source clock latency min path
--------------------------------------------------------------------------
0.0000

==========================================================================
global route critical path delay
--------------------------------------------------------------------------
11.9231

==========================================================================
global route critical path slack
--------------------------------------------------------------------------
38.5907

==========================================================================
global route slack div critical path delay
--------------------------------------------------------------------------
323.663309

==========================================================================
global route report_power
--------------------------------------------------------------------------
Group                  Internal  Switching    Leakage      Total
                          Power      Power      Power      Power (Watts)
----------------------------------------------------------------
Sequential             2.77e-04   0.00e+00   4.31e-09   2.77e-04   6.0%
Combinational          1.38e-03   2.64e-03   2.89e-08   4.03e-03  86.9%
Clock                  1.77e-04   1.53e-04   6.72e-10   3.30e-04   7.1%
Macro                  0.00e+00   0.00e+00   0.00e+00   0.00e+00   0.0%
Pad                    0.00e+00   0.00e+00   0.00e+00   0.00e+00   0.0%
----------------------------------------------------------------
Total                  1.84e-03   2.80e-03   3.39e-08   4.64e-03 100.0%
                          39.7%      60.3%       0.0%
